App.tsx(16,37): error TS6133: 'Drill' is declared but its value is never read.
components/BoletimDiario.tsx(8,33): error TS6133: 'Search' is declared but its value is never read.
components/BoletimDiario.tsx(8,53): error TS6133: 'CalendarIcon' is declared but its value is never read.
components/BoletimDiario.tsx(8,109): error TS6133: 'MapPin' is declared but its value is never read.
components/BoletimDiario.tsx(8,137): error TS6133: 'Sun' is declared but its value is never read.
components/BoletimDiario.tsx(8,142): error TS6133: 'Cloud' is declared but its value is never read.
components/BoletimDiario.tsx(61,39): error TS6133: 'loadingObras' is declared but its value is never read.
components/BoletimDiario.tsx(65,37): error TS6133: 'loadingBdos' is declared but its value is never read.
components/Clients.tsx(2,31): error TS6133: 'Loader2' is declared but its value is never read.
components/Clients.tsx(2,116): error TS6133: 'MoreVertical' is declared but its value is never read.
components/Clients.tsx(15,10): error TS6133: 'isSearchingCnpj' is declared but its value is never read.
components/Clients.tsx(15,27): error TS6133: 'setIsSearchingCnpj' is declared but its value is never read.
components/Clients.tsx(16,10): error TS6133: 'isSearchingCep' is declared but its value is never read.
components/Clients.tsx(16,26): error TS6133: 'setIsSearchingCep' is declared but its value is never read.
components/ConstructionCalendar.tsx(3,10): error TS6133: 'CalendarDays' is declared but its value is never read.
components/Dashboard.tsx(3,31): error TS6133: 'DollarSign' is declared but its value is never read.
components/Dashboard.tsx(3,43): error TS6133: 'FileText' is declared but its value is never read.
components/Dashboard.tsx(3,53): error TS6133: 'Users' is declared but its value is never read.
components/Dashboard.tsx(3,60): error TS6133: 'Plus' is declared but its value is never read.
components/Dashboard.tsx(3,66): error TS6133: 'GitPullRequestArrow' is declared but its value is never read.
components/Dashboard.tsx(3,114): error TS6133: 'CalendarIcon' is declared but its value is never read.
components/Dashboard.tsx(3,162): error TS6133: 'XCircle' is declared but its value is never read.
components/Dashboard.tsx(6,17): error TS6133: 'orderBy' is declared but its value is never read.
components/Dashboard.tsx(61,17): error TS6133: 'medicoes' is declared but its value is never read.
components/Dashboard.tsx(134,9): error TS6133: 'valRecusadas' is declared but its value is never read.
components/Dashboard.tsx(138,9): error TS6133: 'valExpiradas' is declared but its value is never read.
components/Dashboard.tsx(140,9): error TS6133: 'convRateGeneral' is declared but its value is never read.
components/Dashboard.tsx(141,9): error TS6133: 'ticketMedioApproved' is declared but its value is never read.
components/Dashboard.tsx(159,9): error TS6133: 'avgApprovalDays' is declared but its value is never read.
components/Dashboard.tsx(193,58): error TS2339: Property 'createdAt' does not exist on type 'ConstructionSite'.
components/DRE.tsx(4,69): error TS6133: 'getDoc' is declared but its value is never read.
components/DRE.tsx(6,16): error TS6133: 'Label' is declared but its value is never read.
components/DRE.tsx(7,98): error TS6133: 'Search' is declared but its value is never read.
components/DRE.tsx(9,55): error TS6133: 'Image' is declared but its value is never read.
components/DRE.tsx(161,11): error TS6133: 'user' is declared but its value is never read.
components/DRE.tsx(165,10): error TS6133: 'loading' is declared but its value is never read.
components/DRE.tsx(165,19): error TS6133: 'setLoading' is declared but its value is never read.
components/NovaProposta.tsx(5,56): error TS6133: 'CalendarIcon' is declared but its value is never read.
components/NovaProposta.tsx(5,139): error TS6133: 'MoreVertical' is declared but its value is never read.
components/NovaProposta.tsx(10,50): error TS6133: 'setDoc' is declared but its value is never read.
components/NovaProposta.tsx(514,12): error TS6133: 'isApprovingId' is declared but its value is never read.
components/NovaProposta.tsx(514,27): error TS6133: 'setIsApprovingId' is declared but its value is never read.
components/ProjectWorkflow.tsx(1,27): error TS6133: 'useEffect' is declared but its value is never read.
components/ProjectWorkflow.tsx(2,28): error TS6133: 'Tab' is declared but its value is never read.
components/ProjectWorkflow.tsx(3,10): error TS6133: 'Building2' is declared but its value is never read.
components/ProjectWorkflow.tsx(3,39): error TS6133: 'Hash' is declared but its value is never read.
components/ProjectWorkflow.tsx(3,119): error TS6133: 'CheckCircle2' is declared but its value is never read.
components/ProjectWorkflow.tsx(3,171): error TS6133: 'Clock' is declared but its value is never read.
components/ProjectWorkflow.tsx(3,178): error TS6133: 'MoreVertical' is declared but its value is never read.
components/ProjectWorkflow.tsx(3,207): error TS6133: 'Briefcase' is declared but its value is never read.
components/ProjectWorkflow.tsx(3,218): error TS6133: 'Ruler' is declared but its value is never read.
components/ProjectWorkflow.tsx(7,22): error TS6133: 'query' is declared but its value is never read.
components/ProjectWorkflow.tsx(7,36): error TS6133: 'orderBy' is declared but its value is never read.
components/ProjectWorkflow.tsx(34,24): error TS6133: 'isLoading' is declared but its value is never read.
components/ProjectWorkflow.tsx(34,35): error TS6133: 'error' is declared but its value is never read.
components/ProjectWorkflow.tsx(585,29): error TS2339: Property 'name' does not exist on type 'UserProfile'.
components/ProposalPDF.tsx(2,50): error TS6133: 'Image' is declared but its value is never read.
components/ProposalPDF.tsx(220,9): error TS6133: 'helperDiametroTxt' is declared but its value is never read.
components/ProposalPDF.tsx(220,82): error TS2339: Property 'diam' does not exist on type '{ tipoEstaca: string; diametro: string; quantidade: number; metragemPrevista: number; precoMetro: number; }'.
components/Settings.tsx(3,33): error TS6133: 'SettingsIcon' is declared but its value is never read.
components/Team.tsx(5,10): error TS6133: 'Users' is declared but its value is never read.
components/Team.tsx(5,45): error TS6133: 'CheckCircle2' is declared but its value is never read.
components/Team.tsx(6,30): error TS6133: 'query' is declared but its value is never read.
components/Team.tsx(9,19): error TS6133: 'UserRole' is declared but its value is never read.
components/ui.tsx(2,33): error TS6133: 'MoreVertical' is declared but its value is never read.
